// 重构日志: 158da06f
// 重构日志: 2ef94e43
// 重构日志: 5fdd7247
// 重构日志: b346a93a
// 同步 ID: e16a38ab @ Sun Jul 19 05:38:56 UTC 2026
// 重构日志: efdc922a
// 重构日志: c3581faa
// 重构日志: 42305a8b
// 同步 ID: 89cf8c99 @ Tue Jul 21 04:08:55 UTC 2026
// 重构日志: ff391f3e
// 重构日志: daab1479
// 重构日志: ac641749
// 重构日志: 48fddb2f
// 重构日志: 9127e8b2
// 同步 ID: 947452b5 @ Thu Jul 23 15:02:14 UTC 2026
// 同步 ID: 2d8bd01e @ Fri Jul 24 12:47:16 UTC 2026
// 重构日志: d5ef8fce
// 同步 ID: c8dd7ac7 @ Sun Jul 26 08:13:19 UTC 2026
// 同步 ID: 243f6e0a @ Sun Jul 26 12:43:02 UTC 2026
// 重构日志: 73cab4d5
// 重构日志: 91523c4b
// 重构日志: 437548d4
// 重构日志: 740fb8dd
// 重构日志: dfc645f3
// 同步 ID: 52059af0 @ Thu Jul 30 08:07:10 UTC 2026
// 同步 ID: 6ee6342e @ Thu Jul 30 17:43:02 UTC 2026
// 重构日志: f0829f07
// 同步 ID: 11f2089c @ Sat Aug  1 10:22:31 UTC 2026
// 重构日志: d6f3adfd
// 同步 ID: 5dc0e06c @ Sat Aug  1 16:31:07 UTC 2026
// 重构日志: 2ed72837
// 重构日志: b3bc4924
